------------------------------------------------------------
TimeQuest Timing Analyzer Summary
------------------------------------------------------------

Type  : Slow 1200mV 85C Model Setup 'clk'
Slack : -15.096
TNS   : -14372.838

Type  : Slow 1200mV 85C Model Setup 'val_mem_prog_i[0]'
Slack : -5.497
TNS   : -525.766

Type  : Slow 1200mV 85C Model Hold 'val_mem_prog_i[0]'
Slack : -3.440
TNS   : -223.590

Type  : Slow 1200mV 85C Model Hold 'clk'
Slack : 0.314
TNS   : 0.000

Type  : Slow 1200mV 85C Model Minimum Pulse Width 'clk'
Slack : -3.000
TNS   : -1198.000

Type  : Slow 1200mV 85C Model Minimum Pulse Width 'val_mem_prog_i[0]'
Slack : -3.000
TNS   : -103.676

Type  : Slow 1200mV 0C Model Setup 'clk'
Slack : -13.506
TNS   : -12869.165

Type  : Slow 1200mV 0C Model Setup 'val_mem_prog_i[0]'
Slack : -4.948
TNS   : -466.198

Type  : Slow 1200mV 0C Model Hold 'val_mem_prog_i[0]'
Slack : -3.084
TNS   : -198.757

Type  : Slow 1200mV 0C Model Hold 'clk'
Slack : 0.297
TNS   : 0.000

Type  : Slow 1200mV 0C Model Minimum Pulse Width 'clk'
Slack : -3.000
TNS   : -1198.000

Type  : Slow 1200mV 0C Model Minimum Pulse Width 'val_mem_prog_i[0]'
Slack : -3.000
TNS   : -81.836

Type  : Fast 1200mV 0C Model Setup 'clk'
Slack : -8.945
TNS   : -8634.809

Type  : Fast 1200mV 0C Model Setup 'val_mem_prog_i[0]'
Slack : -3.334
TNS   : -313.533

Type  : Fast 1200mV 0C Model Hold 'val_mem_prog_i[0]'
Slack : -2.040
TNS   : -140.303

Type  : Fast 1200mV 0C Model Hold 'clk'
Slack : 0.153
TNS   : 0.000

Type  : Fast 1200mV 0C Model Minimum Pulse Width 'clk'
Slack : -3.000
TNS   : -1288.340

Type  : Fast 1200mV 0C Model Minimum Pulse Width 'val_mem_prog_i[0]'
Slack : -3.000
TNS   : -90.622

------------------------------------------------------------
