------------------------------------------------------------
TimeQuest Timing Analyzer Summary
------------------------------------------------------------

Type  : Slow 1200mV 85C Model Setup 'CLOCK_50'
Slack : -2.109
TNS   : -38.284

Type  : Slow 1200mV 85C Model Setup 'virtual_clk'
Slack : -0.691
TNS   : -2.992

Type  : Slow 1200mV 85C Model Setup 'out_BUTTON_2'
Slack : 0.263
TNS   : 0.000

Type  : Slow 1200mV 85C Model Hold 'out_BUTTON_2'
Slack : 0.020
TNS   : 0.000

Type  : Slow 1200mV 85C Model Hold 'CLOCK_50'
Slack : 0.360
TNS   : 0.000

Type  : Slow 1200mV 85C Model Hold 'virtual_clk'
Slack : 0.362
TNS   : 0.000

Type  : Slow 1200mV 85C Model Recovery 'virtual_clk'
Slack : -0.445
TNS   : -1.780

Type  : Slow 1200mV 85C Model Removal 'virtual_clk'
Slack : 0.890
TNS   : 0.000

Type  : Slow 1200mV 85C Model Minimum Pulse Width 'CLOCK_50'
Slack : -3.000
TNS   : -35.000

Type  : Slow 1200mV 85C Model Minimum Pulse Width 'virtual_clk'
Slack : -1.000
TNS   : -8.000

Type  : Slow 1200mV 85C Model Minimum Pulse Width 'out_BUTTON_2'
Slack : -1.000
TNS   : -1.000

Type  : Slow 1200mV 0C Model Setup 'CLOCK_50'
Slack : -1.820
TNS   : -31.998

Type  : Slow 1200mV 0C Model Setup 'virtual_clk'
Slack : -0.512
TNS   : -2.062

Type  : Slow 1200mV 0C Model Setup 'out_BUTTON_2'
Slack : 0.279
TNS   : 0.000

Type  : Slow 1200mV 0C Model Hold 'out_BUTTON_2'
Slack : 0.032
TNS   : 0.000

Type  : Slow 1200mV 0C Model Hold 'virtual_clk'
Slack : 0.321
TNS   : 0.000

Type  : Slow 1200mV 0C Model Hold 'CLOCK_50'
Slack : 0.327
TNS   : 0.000

Type  : Slow 1200mV 0C Model Recovery 'virtual_clk'
Slack : -0.325
TNS   : -1.300

Type  : Slow 1200mV 0C Model Removal 'virtual_clk'
Slack : 0.855
TNS   : 0.000

Type  : Slow 1200mV 0C Model Minimum Pulse Width 'CLOCK_50'
Slack : -3.000
TNS   : -35.000

Type  : Slow 1200mV 0C Model Minimum Pulse Width 'virtual_clk'
Slack : -1.000
TNS   : -8.000

Type  : Slow 1200mV 0C Model Minimum Pulse Width 'out_BUTTON_2'
Slack : -1.000
TNS   : -1.000

Type  : Fast 1200mV 0C Model Setup 'CLOCK_50'
Slack : -0.715
TNS   : -11.072

Type  : Fast 1200mV 0C Model Setup 'virtual_clk'
Slack : 0.066
TNS   : 0.000

Type  : Fast 1200mV 0C Model Setup 'out_BUTTON_2'
Slack : 0.382
TNS   : 0.000

Type  : Fast 1200mV 0C Model Hold 'out_BUTTON_2'
Slack : -0.021
TNS   : -0.021

Type  : Fast 1200mV 0C Model Hold 'CLOCK_50'
Slack : 0.187
TNS   : 0.000

Type  : Fast 1200mV 0C Model Hold 'virtual_clk'
Slack : 0.194
TNS   : 0.000

Type  : Fast 1200mV 0C Model Recovery 'virtual_clk'
Slack : 0.153
TNS   : 0.000

Type  : Fast 1200mV 0C Model Removal 'virtual_clk'
Slack : 0.474
TNS   : 0.000

Type  : Fast 1200mV 0C Model Minimum Pulse Width 'CLOCK_50'
Slack : -3.000
TNS   : -36.907

Type  : Fast 1200mV 0C Model Minimum Pulse Width 'virtual_clk'
Slack : -1.000
TNS   : -8.000

Type  : Fast 1200mV 0C Model Minimum Pulse Width 'out_BUTTON_2'
Slack : -1.000
TNS   : -1.000

------------------------------------------------------------
