------------------------------------------------------------
TimeQuest Timing Analyzer Summary
------------------------------------------------------------

Type  : Slow 1200mV 85C Model Setup 'CLOCK_50'
Slack : 4.011
TNS   : 0.000

Type  : Slow 1200mV 85C Model Setup 'PLL_instance|altpll_component|auto_generated|pll1|clk[0]'
Slack : 15.995
TNS   : 0.000

Type  : Slow 1200mV 85C Model Hold 'CLOCK_50'
Slack : 0.359
TNS   : 0.000

Type  : Slow 1200mV 85C Model Hold 'PLL_instance|altpll_component|auto_generated|pll1|clk[0]'
Slack : 0.359
TNS   : 0.000

Type  : Slow 1200mV 85C Model Recovery 'PLL_instance|altpll_component|auto_generated|pll1|clk[0]'
Slack : 14.204
TNS   : 0.000

Type  : Slow 1200mV 85C Model Recovery 'CLOCK_50'
Slack : 16.672
TNS   : 0.000

Type  : Slow 1200mV 85C Model Removal 'PLL_instance|altpll_component|auto_generated|pll1|clk[0]'
Slack : 2.605
TNS   : 0.000

Type  : Slow 1200mV 85C Model Removal 'CLOCK_50'
Slack : 2.818
TNS   : 0.000

Type  : Slow 1200mV 85C Model Minimum Pulse Width 'CLOCK_50'
Slack : 9.688
TNS   : 0.000

Type  : Slow 1200mV 85C Model Minimum Pulse Width 'PLL_instance|altpll_component|auto_generated|pll1|clk[0]'
Slack : 499.717
TNS   : 0.000

Type  : Slow 1200mV 0C Model Setup 'CLOCK_50'
Slack : 5.632
TNS   : 0.000

Type  : Slow 1200mV 0C Model Setup 'PLL_instance|altpll_component|auto_generated|pll1|clk[0]'
Slack : 16.465
TNS   : 0.000

Type  : Slow 1200mV 0C Model Hold 'PLL_instance|altpll_component|auto_generated|pll1|clk[0]'
Slack : 0.312
TNS   : 0.000

Type  : Slow 1200mV 0C Model Hold 'CLOCK_50'
Slack : 0.313
TNS   : 0.000

Type  : Slow 1200mV 0C Model Recovery 'PLL_instance|altpll_component|auto_generated|pll1|clk[0]'
Slack : 14.854
TNS   : 0.000

Type  : Slow 1200mV 0C Model Recovery 'CLOCK_50'
Slack : 17.015
TNS   : 0.000

Type  : Slow 1200mV 0C Model Removal 'PLL_instance|altpll_component|auto_generated|pll1|clk[0]'
Slack : 2.295
TNS   : 0.000

Type  : Slow 1200mV 0C Model Removal 'CLOCK_50'
Slack : 2.549
TNS   : 0.000

Type  : Slow 1200mV 0C Model Minimum Pulse Width 'CLOCK_50'
Slack : 9.683
TNS   : 0.000

Type  : Slow 1200mV 0C Model Minimum Pulse Width 'PLL_instance|altpll_component|auto_generated|pll1|clk[0]'
Slack : 499.737
TNS   : 0.000

Type  : Fast 1200mV 0C Model Setup 'CLOCK_50'
Slack : 10.958
TNS   : 0.000

Type  : Fast 1200mV 0C Model Setup 'PLL_instance|altpll_component|auto_generated|pll1|clk[0]'
Slack : 17.504
TNS   : 0.000

Type  : Fast 1200mV 0C Model Hold 'PLL_instance|altpll_component|auto_generated|pll1|clk[0]'
Slack : 0.187
TNS   : 0.000

Type  : Fast 1200mV 0C Model Hold 'CLOCK_50'
Slack : 0.188
TNS   : 0.000

Type  : Fast 1200mV 0C Model Recovery 'PLL_instance|altpll_component|auto_generated|pll1|clk[0]'
Slack : 16.524
TNS   : 0.000

Type  : Fast 1200mV 0C Model Recovery 'CLOCK_50'
Slack : 18.012
TNS   : 0.000

Type  : Fast 1200mV 0C Model Removal 'PLL_instance|altpll_component|auto_generated|pll1|clk[0]'
Slack : 1.490
TNS   : 0.000

Type  : Fast 1200mV 0C Model Removal 'CLOCK_50'
Slack : 1.605
TNS   : 0.000

Type  : Fast 1200mV 0C Model Minimum Pulse Width 'CLOCK_50'
Slack : 9.444
TNS   : 0.000

Type  : Fast 1200mV 0C Model Minimum Pulse Width 'PLL_instance|altpll_component|auto_generated|pll1|clk[0]'
Slack : 499.696
TNS   : 0.000

------------------------------------------------------------
